// Jest Snapshot v1, https://goo.gl/fbAQLP

exports[`Form Category renders correctly textarea 1`] = `
<div
  aria-labelledby="category-heading-null"
  class="form-category my-3 container"
  id="section-name"
>
  <h3
    class="h5 pt-2 pb-3 pl-1"
    id="category-heading-null"
  >
    <svg
      aria-hidden="true"
      class="category-icon svg-inline--fa fa-utensils fa-w-13"
      data-icon="utensils"
      data-prefix="fas"
      role="img"
      viewBox="0 0 416 512"
      xmlns="http://www.w3.org/2000/svg"
    >
      <path
        class=""
        d="M207.9 15.2c.8 4.7 16.1 94.5 16.1 128.8 0 52.3-27.8 89.6-68.9 104.6L168 486.7c.7 13.7-10.2 25.3-24 25.3H80c-13.7 0-24.7-11.5-24-25.3l12.9-238.1C27.7 233.6 0 196.2 0 144 0 109.6 15.3 19.9 16.1 15.2 19.3-5.1 61.4-5.4 64 16.3v141.2c1.3 3.4 15.1 3.2 16 0 1.4-25.3 7.9-139.2 8-141.8 3.3-20.8 44.7-20.8 47.9 0 .2 2.7 6.6 116.5 8 141.8.9 3.2 14.8 3.4 16 0V16.3c2.6-21.6 44.8-21.4 48-1.1zm119.2 285.7l-15 185.1c-1.2 14 9.9 26 23.9 26h56c13.3 0 24-10.7 24-24V24c0-13.2-10.7-24-24-24-82.5 0-221.4 178.5-64.9 300.9z"
        fill="currentColor"
      />
    </svg>
       Section Name 
  </h3>
   
  <div
    class="ml-2 pl-4 container"
  />
</div>
`;
